Γä╣ [509/526] Replayed RevHalt.Base.Trace
info: RevHalt/Base/Trace.lean:134:0: 'RevHalt.Trace' does not depend on any axioms
info: RevHalt/Base/Trace.lean:135:0: 'RevHalt.Halts' does not depend on any axioms
info: RevHalt/Base/Trace.lean:136:0: 'RevHalt.up' does not depend on any axioms
info: RevHalt/Base/Trace.lean:137:0: 'RevHalt.TMono' does not depend on any axioms
info: RevHalt/Base/Trace.lean:138:0: 'RevHalt.UpFixed' does not depend on any axioms
info: RevHalt/Base/Trace.lean:139:0: 'RevHalt.up_mono' does not depend on any axioms
info: RevHalt/Base/Trace.lean:140:0: 'RevHalt.up_fixed' does not depend on any axioms
info: RevHalt/Base/Trace.lean:141:0: 'RevHalt.TMono_to_UpFixed' does not depend on any axioms
info: RevHalt/Base/Trace.lean:142:0: 'RevHalt.UpFixed_to_TMono' does not depend on any axioms
info: RevHalt/Base/Trace.lean:143:0: 'RevHalt.exists_up_iff' does not depend on any axioms
info: RevHalt/Base/Trace.lean:144:0: 'RevHalt.bottom' does not depend on any axioms
info: RevHalt/Base/Trace.lean:145:0: 'RevHalt.up_iff_bottom_iff_forall_not' does not depend on any axioms
info: RevHalt/Base/Trace.lean:146:0: 'RevHalt.forall_not_up_iff_forall_not' does not depend on any axioms
Γä╣ [510/526] Replayed RevHalt.Base.Kit
info: RevHalt/Base/Kit.lean:102:0: 'RevHalt.RHKit' does not depend on any axioms
info: RevHalt/Base/Kit.lean:103:0: 'RevHalt.DetectsUpFixed' does not depend on any axioms
info: RevHalt/Base/Kit.lean:104:0: 'RevHalt.DetectsMono' does not depend on any axioms
info: RevHalt/Base/Kit.lean:105:0: 'RevHalt.DetectsMono_iff_DetectsUpFixed' does not depend on any axioms
info: RevHalt/Base/Kit.lean:106:0: 'RevHalt.Rev_K' does not depend on any axioms
info: RevHalt/Base/Kit.lean:107:0: 'RevHalt.revK_iff_halts' does not depend on any axioms
info: RevHalt/Base/Kit.lean:108:0: 'RevHalt.revK_iff_halts_of_DetectsMono' does not depend on any axioms
info: RevHalt/Base/Kit.lean:109:0: 'RevHalt.not_revK_iff_forall_not' does not depend on any axioms
info: RevHalt/Base/Kit.lean:110:0: 'RevHalt.revK_iff_exists_up' does not depend on any axioms
Γä╣ [813/933] Replayed RevHalt.Theory.Impossibility
info: RevHalt/Theory/Impossibility.lean:254:0: 'RevHalt.Halts_Machine_iff' depends on axioms: [propext, Classical.choice, Quot.sound]
info: RevHalt/Theory/Impossibility.lean:255:0: 'RevHalt.diagonal_bridge' depends on axioms: [propext, Classical.choice, Quot.sound]
info: RevHalt/Theory/Impossibility.lean:256:0: 'RevHalt.diagonal_bridge_re' depends on axioms: [propext, Classical.choice, Quot.sound]
info: RevHalt/Theory/Impossibility.lean:257:0: 'RevHalt.DiagonalBridge' depends on axioms: [propext, Classical.choice, Quot.sound]
info: RevHalt/Theory/Impossibility.lean:258:0: 'RevHalt.diagonalBridge_for_Rev' depends on axioms: [propext, Classical.choice, Quot.sound]
info: RevHalt/Theory/Impossibility.lean:259:0: 'RevHalt.Internalizer' depends on axioms: [propext, Classical.choice, Quot.sound]
info: RevHalt/Theory/Impossibility.lean:260:0: 'RevHalt.no_uniform_internalizer_of_diagonal' depends on axioms: [propext, Classical.choice, Quot.sound]
info: RevHalt/Theory/Impossibility.lean:261:0: 'RevHalt.T2_impossibility' depends on axioms: [propext, Classical.choice, Quot.sound]
info: RevHalt/Theory/Impossibility.lean:262:0: 'RevHalt.T2_impossibility_of_DetectsMono' depends on axioms: [propext, Classical.choice, Quot.sound]
info: RevHalt/Theory/Impossibility.lean:263:0: 'RevHalt.non_fusion_invariance_full' depends on axioms: [propext, Classical.choice, Quot.sound]
info: RevHalt/Theory/Impossibility.lean:264:0: 'RevHalt.non_fusion_invariance' depends on axioms: [propext, Classical.choice, Quot.sound]
Γä╣ [814/933] Replayed RevHalt.Base.QuotientUp
info: RevHalt/Base/QuotientUp.lean:148:0: 'RevHalt.UpEqv' does not depend on any axioms
info: RevHalt/Base/QuotientUp.lean:149:0: 'RevHalt.revK_congr_of_UpEqv' does not depend on any axioms
info: RevHalt/Base/QuotientUp.lean:150:0: 'RevHalt.UpIsBottom' does not depend on any axioms
info: RevHalt/Base/QuotientUp.lean:151:0: 'RevHalt.Anti' does not depend on any axioms
info: RevHalt/Base/QuotientUp.lean:152:0: 'RevHalt.Anti_unique_class' does not depend on any axioms
Γä╣ [815/933] Replayed RevHalt.Theory.Stabilization
info: RevHalt/Theory/Stabilization.lean:104:0: 'RevHalt.Stabilizes_iff_NotHalts' does not depend on any axioms
info: RevHalt/Theory/Stabilization.lean:105:0: 'RevHalt.Stabilizes_up_iff' does not depend on any axioms
info: RevHalt/Theory/Stabilization.lean:106:0: 'RevHalt.Stabilizes_iff_UpIsBottom' does not depend on any axioms
info: RevHalt/Theory/Stabilization.lean:107:0: 'RevHalt.T1_stabilization' does not depend on any axioms
info: RevHalt/Theory/Stabilization.lean:108:0: 'RevHalt.T1_stabilization_of_DetectsMono' does not depend on any axioms
info: RevHalt/Theory/Stabilization.lean:109:0: 'RevHalt.KitStabilizes_iff_UpIsBottom' does not depend on any axioms
info: RevHalt/Theory/Stabilization.lean:110:0: 'RevHalt.KitStabilizes_iff_UpIsBottom_of_DetectsMono' does not depend on any axioms
info: RevHalt/Theory/Stabilization.lean:111:0: 'RevHalt.KitStabilizes_iff_UpIsBottom_explicit' does not depend on any axioms
Γä╣ [816/933] Replayed RevHalt.Theory.Complementarity
info: RevHalt/Theory/Complementarity.lean:658:0: 'RevHalt.S1Raw' depends on axioms: [propext, Classical.choice, Quot.sound]
info: RevHalt/Theory/Complementarity.lean:659:0: 'RevHalt.S1Eff' depends on axioms: [propext, Classical.choice, Quot.sound]
info: RevHalt/Theory/Complementarity.lean:660:0: 'RevHalt.S1Eff_eq_S1Set' depends on axioms: [propext, Classical.choice, Quot.sound]
info: RevHalt/Theory/Complementarity.lean:661:0: 'RevHalt.frontier_necessary' depends on axioms: [propext, Classical.choice, Quot.sound]
info: RevHalt/Theory/Complementarity.lean:662:0: 'RevHalt.diagonal_bridge_of_realization' depends on axioms: [propext, Classical.choice, Quot.sound]
info: RevHalt/Theory/Complementarity.lean:663:0: 'RevHalt.mem_S1Set_of_witness' depends on axioms: [propext, Classical.choice, Quot.sound]
info: RevHalt/Theory/Complementarity.lean:664:0: 'RevHalt.S1Set_nonempty_of_witness' depends on axioms: [propext, Classical.choice, Quot.sound]
info: RevHalt/Theory/Complementarity.lean:665:0: 'RevHalt.missing_equals_S1' depends on axioms: [propext, Classical.choice, Quot.sound]
info: RevHalt/Theory/Complementarity.lean:666:0: 'RevHalt.exists_unprovable_encode_halt' depends on axioms: [propext, Classical.choice, Quot.sound]
info: RevHalt/Theory/Complementarity.lean:667:0: 'RevHalt.T3_weak_extension_explicit' depends on axioms: [propext, Classical.choice, Quot.sound]
info: RevHalt/Theory/Complementarity.lean:668:0: 'RevHalt.InfiniteS1' depends on axioms: [propext, Classical.choice, Quot.sound]
info: RevHalt/Theory/Complementarity.lean:669:0: 'RevHalt.T3_strong' depends on axioms: [propext, Classical.choice, Quot.sound]
info: RevHalt/Theory/Complementarity.lean:670:0: 'RevHalt.T3_oracle_extension_explicit' depends on axioms: [propext, Classical.choice, Quot.sound]
info: RevHalt/Theory/Complementarity.lean:671:0: 'RevHalt.mem_S1TwoSet_of_pick' depends on axioms: [propext, Classical.choice, Quot.sound]
Γä╣ [817/933] Replayed RevHalt.Theory.Canonicity
info: RevHalt/Theory/Canonicity.lean:145:0: 'RevHalt.T1_traces' does not depend on any axioms
info: RevHalt/Theory/Canonicity.lean:146:0: 'RevHalt.T1_neg_traces' does not depend on any axioms
info: RevHalt/Theory/Canonicity.lean:147:0: 'RevHalt.T1_uniqueness' does not depend on any axioms
info: RevHalt/Theory/Canonicity.lean:148:0: 'RevHalt.T1_traces_of_DetectsMono' does not depend on any axioms
info: RevHalt/Theory/Canonicity.lean:149:0: 'RevHalt.T1_neg_traces_of_DetectsMono' does not depend on any axioms
info: RevHalt/Theory/Canonicity.lean:150:0: 'RevHalt.T1_uniqueness_of_DetectsMono' does not depend on any axioms
info: RevHalt/Theory/Canonicity.lean:151:0: 'RevHalt.mem_ModE' does not depend on any axioms
info: RevHalt/Theory/Canonicity.lean:152:0: 'RevHalt.mem_ThE' does not depend on any axioms
info: RevHalt/Theory/Canonicity.lean:153:0: 'RevHalt.SemConsequences_iff' does not depend on any axioms
info: RevHalt/Theory/Canonicity.lean:154:0: 'RevHalt.CloE_eq' does not depend on any axioms
info: RevHalt/Theory/Canonicity.lean:155:0: 'RevHalt.T1_semantics' does not depend on any axioms
info: RevHalt/Theory/Canonicity.lean:156:0: 'RevHalt.T1_semantics_of_DetectsMono' does not depend on any axioms
Γä╣ [818/933] Replayed RevHalt.Theory.Categorical
info: RevHalt/Theory/Categorical.lean:308:0: 'RevHalt.le_up' does not depend on any axioms
info: RevHalt/Theory/Categorical.lean:309:0: 'RevHalt.up_mono_order' does not depend on any axioms
info: RevHalt/Theory/Categorical.lean:310:0: 'RevHalt.up_le_iff' depends on axioms: [propext]
info: RevHalt/Theory/Categorical.lean:311:0: 'RevHalt.up_idem_le' does not depend on any axioms
info: RevHalt/Theory/Categorical.lean:312:0: 'RevHalt.le_up_idem' does not depend on any axioms
info: RevHalt/Theory/Categorical.lean:313:0: 'RevHalt.up_idem' depends on axioms: [propext, Quot.sound]
info: RevHalt/Theory/Categorical.lean:314:0: 'RevHalt.bot_trace_apply' does not depend on any axioms
info: RevHalt/Theory/Categorical.lean:315:0: 'RevHalt.up_bot' depends on axioms: [propext, Quot.sound]
info: RevHalt/Theory/Categorical.lean:316:0: 'RevHalt.up_eq_bot_iff' depends on axioms: [propext, Quot.sound]
info: RevHalt/Theory/Categorical.lean:317:0: 'RevHalt.ModE_ThE_iff' does not depend on any axioms
info: RevHalt/Theory/Categorical.lean:318:0: 'RevHalt.subset_CloE' does not depend on any axioms
info: RevHalt/Theory/Categorical.lean:319:0: 'RevHalt.CloE_monotone' does not depend on any axioms
info: RevHalt/Theory/Categorical.lean:320:0: 'RevHalt.ModE_CloE_eq' depends on axioms: [propext, Quot.sound]
info: RevHalt/Theory/Categorical.lean:321:0: 'RevHalt.CloE_idem' depends on axioms: [propext, Quot.sound]
info: RevHalt/Theory/Categorical.lean:322:0: 'RevHalt.up_is_projector' depends on axioms: [propext, Quot.sound]
info: RevHalt/Theory/Categorical.lean:323:0: 'RevHalt.frontier_anti_monotone' does not depend on any axioms
info: RevHalt/Theory/Categorical.lean:324:0: 'RevHalt.frontier_divergence_witness' does not depend on any axioms
info: RevHalt/Theory/Categorical.lean:325:0: 'RevHalt.frontiers_incomparable' does not depend on any axioms
info: RevHalt/Theory/Categorical.lean:811:0: 'RevHalt.Categorical.TraceHom.refl' does not depend on any axioms
info: RevHalt/Theory/Categorical.lean:812:0: 'RevHalt.Categorical.TraceHom.trans' does not depend on any axioms
info: RevHalt/Theory/Categorical.lean:813:0: 'RevHalt.Categorical.upOp_extensive' does not depend on any axioms
info: RevHalt/Theory/Categorical.lean:814:0: 'RevHalt.Categorical.upOp_monotone' does not depend on any axioms
info: RevHalt/Theory/Categorical.lean:815:0: 'RevHalt.Categorical.upOp_idempotent' depends on axioms: [propext, Quot.sound]
info: RevHalt/Theory/Categorical.lean:816:0: 'RevHalt.Categorical.upClosure' depends on axioms: [propext, Quot.sound]
info: RevHalt/Theory/Categorical.lean:817:0: 'RevHalt.Categorical.SoundSetHom.refl' does not depend on any axioms
info: RevHalt/Theory/Categorical.lean:818:0: 'RevHalt.Categorical.SoundSetHom.trans' does not depend on any axioms
info: RevHalt/Theory/Categorical.lean:819:0: 'RevHalt.Categorical.SoundSet.empty_initial' does not depend on any axioms
info: RevHalt/Theory/Categorical.lean:820:0: 'RevHalt.Categorical.SoundChain.seq_le_lim' does not depend on any axioms
info: RevHalt/Theory/Categorical.lean:821:0: 'RevHalt.Categorical.SoundChain.lim_is_colimit' does not depend on any axioms
info: RevHalt/Theory/Categorical.lean:822:0: 'RevHalt.Categorical.mem_upKernel_iff' depends on axioms: [propext, Quot.sound]
info: RevHalt/Theory/Categorical.lean:823:0: 'RevHalt.Categorical.trace_dichotomy_categorical' depends on axioms: [propext, Quot.sound]
Γ£û [933/933] Building RevHalt.Theory.TheoryDynamics_Transfinite (8.0s)
trace: .> LEAN_PATH=C:\Users\frederick.loubli.TKS\OneDrive - t-kartor.com\Pictures\WORKSPACELEAN\RevHalt\.lake\packages\Cli\.lake\build\lib\lean;C:\Users\frederick.loubli.TKS\OneDrive - t-kartor.com\Pictures\WORKSPACELEAN\RevHalt\.lake\packages\batteries\.lake\build\lib\lean;C:\Users\frederick.loubli.TKS\OneDrive - t-kartor.com\Pictures\WORKSPACELEAN\RevHalt\.lake\packages\Qq\.lake\build\lib\lean;C:\Users\frederick.loubli.TKS\OneDrive - t-kartor.com\Pictures\WORKSPACELEAN\RevHalt\.lake\packages\aesop\.lake\build\lib\lean;C:\Users\frederick.loubli.TKS\OneDrive - t-kartor.com\Pictures\WORKSPACELEAN\RevHalt\.lake\packages\proofwidgets\.lake\build\lib\lean;C:\Users\frederick.loubli.TKS\OneDrive - t-kartor.com\Pictures\WORKSPACELEAN\RevHalt\.lake\packages\importGraph\.lake\build\lib\lean;C:\Users\frederick.loubli.TKS\OneDrive - t-kartor.com\Pictures\WORKSPACELEAN\RevHalt\.lake\packages\LeanSearchClient\.lake\build\lib\lean;C:\Users\frederick.loubli.TKS\OneDrive - t-kartor.com\Pictures\WORKSPACELEAN\RevHalt\.lake\packages\plausible\.lake\build\lib\lean;C:\Users\frederick.loubli.TKS\OneDrive - t-kartor.com\Pictures\WORKSPACELEAN\RevHalt\.lake\packages\mathlib\.lake\build\lib\lean;C:\Users\frederick.loubli.TKS\OneDrive - t-kartor.com\Pictures\WORKSPACELEAN\RevHalt\.lake\build\lib\lean c:\Users\frederick.loubli.TKS\.elan\toolchains\leanprover--lean4---v4.26.0-rc2\bin\lean.exe C:\Users\frederick.loubli.TKS\OneDrive - t-kartor.com\Pictures\WORKSPACELEAN\RevHalt\RevHalt\Theory\TheoryDynamics_Transfinite.lean -o C:\Users\frederick.loubli.TKS\OneDrive - t-kartor.com\Pictures\WORKSPACELEAN\RevHalt\.lake\build\lib\lean\RevHalt\Theory\TheoryDynamics_Transfinite.olean -i C:\Users\frederick.loubli.TKS\OneDrive - t-kartor.com\Pictures\WORKSPACELEAN\RevHalt\.lake\build\lib\lean\RevHalt\Theory\TheoryDynamics_Transfinite.ilean -c C:\Users\frederick.loubli.TKS\OneDrive - t-kartor.com\Pictures\WORKSPACELEAN\RevHalt\.lake\build\ir\RevHalt\Theory\TheoryDynamics_Transfinite.c --setup C:\Users\frederick.loubli.TKS\OneDrive - t-kartor.com\Pictures\WORKSPACELEAN\RevHalt\.lake\build\ir\RevHalt\Theory\TheoryDynamics_Transfinite.setup.json --json
error: RevHalt/Theory/TheoryDynamics_Transfinite.lean:69:20: Unknown constant `Ordinal.IsLimit`
error: RevHalt/Theory/TheoryDynamics_Transfinite.lean:70:60: unsolved goals
PropT : Type u
F : Set PropT ΓåÆ Set PropT
A0 : Set PropT
lim : Ordinal.{u_1}
hLim : sorry
Γèó transIter F A0 lim = transUnion (transIter F A0) lim
error: RevHalt/Theory/TheoryDynamics_Transfinite.lean:95:8: failed to elaborate eliminator, expected type is not available
error: RevHalt/Theory/TheoryDynamics_Transfinite.lean:96:2: No goals to be solved
error: RevHalt/Theory/TheoryDynamics_Transfinite.lean:138:29: Application type mismatch: The argument
  encode_halt
has type
  Code ΓåÆ PropT
but is expected to have type
  ?m.3 ΓåÆ PropT
in the application
  S1Rel Provable K ?m.5 encode_halt
error: RevHalt/Theory/TheoryDynamics_Transfinite.lean:157:20: Unknown constant `Ordinal.IsLimit`
error: RevHalt/Theory/TheoryDynamics_Transfinite.lean:160:29: Application type mismatch: The argument
  encode_halt
has type
  Code ΓåÆ PropT
but is expected to have type
  ?m.19 ΓåÆ PropT
in the application
  S1Rel Provable K ?m.21 encode_halt
error: RevHalt/Theory/TheoryDynamics_Transfinite.lean:190:20: Unknown constant `Ordinal.IsLimit`
warning: RevHalt/Theory/TheoryDynamics_Transfinite.lean:203:37: `Ordinal.succ_lt_of_isLimit` has been deprecated: Use `Order.IsSuccLimit.succ_lt_iff` instead

Note: The updated constant is in a different namespace. Dot notation may need to be changed (e.g., from `x.succ_lt_of_isLimit` to `Order.IsSuccLimit.succ_lt_iff x`).
warning: RevHalt/Theory/TheoryDynamics_Transfinite.lean:209:37: `Ordinal.succ_lt_of_isLimit` has been deprecated: Use `Order.IsSuccLimit.succ_lt_iff` instead

Note: The updated constant is in a different namespace. Dot notation may need to be changed (e.g., from `x.succ_lt_of_isLimit` to `Order.IsSuccLimit.succ_lt_iff x`).
error: RevHalt/Theory/TheoryDynamics_Transfinite.lean:211:6: Type mismatch
  hExt (transIter F A0 ╬▓)
has type
  transIter F A0 ╬▓ Γèå F (transIter F A0 ╬▓)
but is expected to have type
  transIter F A0 ╬▓ Γèå transIter F A0 (╬▓ + 1)
error: RevHalt/Theory/TheoryDynamics_Transfinite.lean:215:27: Application type mismatch: The argument
  hInc hp
has type
  p Γêê F (transIter F A0 ╬▓)
but is expected to have type
  p Γêê F (transIter F A0 (╬▓ + 1))
in the application
  Γƒ¿hSuccLt, hInc hpΓƒ⌐
error: RevHalt/Theory/TheoryDynamics_Transfinite.lean:317:56: unexpected token '...'; expected term
error: RevHalt/Theory/TheoryDynamics_Transfinite.lean:239:20: Unknown constant `Ordinal.IsLimit`
error: RevHalt/Theory/TheoryDynamics_Transfinite.lean:254:19: Function expected at
  subset_union_left ?m.77
but this term has type
  ?m.76 Γêê ?m.74 Γê¬ ?m.75

Note: Expected a function because this term is being applied to the argument
  _
error: RevHalt/Theory/TheoryDynamics_Transfinite.lean:294:10: Tactic `rewrite` failed: Did not find an occurrence of the pattern
  transIter ?F ?A0 (?╬▒ + 1)
in the target expression
  ProvClosed Provable (transIter F_dyn A0.╬ô (Order.succ ╬│))

case succ
PropT : Type
Provable : Set PropT ΓåÆ PropT ΓåÆ Prop
K : RHKit
encode_halt : Code ΓåÆ PropT
Cn : Set PropT ΓåÆ Set PropT
hMono : ProvRelMonotone Provable
hCnExt : CnExtensive Cn
hIdem : CnIdem Cn
hProvCn : ProvClosedCn Provable Cn
hPCdir : ProvClosedDirected Provable
A0 : ThState Provable Cn
lim : Ordinal.{u_1}
hLim : sorry
hAbs : Γêâ ╬▓ < lim, Absorbable Provable (transIter (F Provable K Machine encode_halt Cn) A0.╬ô (╬▓ + 1))
hRoute : RouteIIApplies Provable K Machine encode_halt Cn (transIter (F Provable K Machine encode_halt Cn) A0.╬ô lim)
hCont :
  F Provable K Machine encode_halt Cn (transIter (F Provable K Machine encode_halt Cn) A0.╬ô lim) =
    transUnion (fun ╬▓' Γåª F Provable K Machine encode_halt Cn (transIter (F Provable K Machine encode_halt Cn) A0.╬ô ╬▓'))
      lim
F_dyn : Set PropT ΓåÆ Set PropT := F Provable K Machine encode_halt Cn
hFExt : ΓêÇ (╬ô : Set PropT), ╬ô Γèå F_dyn ╬ô
hFix : F_dyn (transIter F_dyn A0.╬ô lim) = transIter F_dyn A0.╬ô lim
╬ô_lim : Set PropT := transIter F_dyn A0.╬ô lim
S_lim : Set PropT := S1Rel Provable K Machine encode_halt ╬ô_lim
hFix_symm : ╬ô_lim = Cn (╬ô_lim Γê¬ S_lim)
hCnClosed : Cn ╬ô_lim = ╬ô_lim
╬│ : Ordinal.{u_1}
ih : ╬│ < lim ΓåÆ ProvClosed Provable (transIter F_dyn A0.╬ô ╬│)
hlt : Order.succ ╬│ < lim
Γèó ProvClosed Provable (transIter F_dyn A0.╬ô (Order.succ ╬│))
error: RevHalt/Theory/TheoryDynamics_Transfinite.lean:249:13: unsolved goals
PropT : Type
Provable : Set PropT ΓåÆ PropT ΓåÆ Prop
K : RHKit
encode_halt : Code ΓåÆ PropT
Cn : Set PropT ΓåÆ Set PropT
hMono : ProvRelMonotone Provable
hCnExt : CnExtensive Cn
hIdem : CnIdem Cn
hProvCn : ProvClosedCn Provable Cn
hPCdir : ProvClosedDirected Provable
A0 : ThState Provable Cn
lim : Ordinal.{u_1}
hLim : sorry
hAbs : Γêâ ╬▓ < lim, Absorbable Provable (transIter (F Provable K Machine encode_halt Cn) A0.╬ô (╬▓ + 1))
hRoute : RouteIIApplies Provable K Machine encode_halt Cn (transIter (F Provable K Machine encode_halt Cn) A0.╬ô lim)
hCont :
  F Provable K Machine encode_halt Cn (transIter (F Provable K Machine encode_halt Cn) A0.╬ô lim) =
    transUnion (fun ╬▓' Γåª F Provable K Machine encode_halt Cn (transIter (F Provable K Machine encode_halt Cn) A0.╬ô ╬▓'))
      lim
F_dyn : Set PropT ΓåÆ Set PropT := F Provable K Machine encode_halt Cn
hFExt : ΓêÇ (╬ô : Set PropT), ╬ô Γèå F_dyn ╬ô
hFix : F_dyn (transIter F_dyn A0.╬ô lim) = transIter F_dyn A0.╬ô lim
╬ô_lim : Set PropT := transIter F_dyn A0.╬ô lim
S_lim : Set PropT := S1Rel Provable K Machine encode_halt ╬ô_lim
hFix_symm : ╬ô_lim = Cn (╬ô_lim Γê¬ S_lim)
hCnClosed : Cn ╬ô_lim = ╬ô_lim
hChain : ΓêÇ ╬▓ < lim, ProvClosed Provable (transIter F_dyn A0.╬ô ╬▓)
Γèó False
error: Lean exited with code 1
error: build failed
Some required targets logged failures:
- RevHalt.Theory.TheoryDynamics_Transfinite
